date,isexit,isguard,advbw
2019-02-05,f,f,6801942832
2019-02-05,f,t,25222752632
2019-02-05,t,f,1706093172
2019-02-05,t,t,9647706780
