date,platform,relays
2019-02-05,BSD,389
2019-02-05,Linux,6167
2019-02-05,Other,6
2019-02-05,Windows,104
2019-02-05,macOS,16
