date,flag,relays
2019-02-05,Exit,885
2019-02-05,Fast,5856
2019-02-05,Guard,2751
2019-02-05,HSDir,3659
2019-02-05,Running,6684
2019-02-05,Stable,5411
