date,version,relays
2019-02-05,0.2.9,1183
2019-02-05,0.3.3,528
2019-02-05,0.3.4,1919
2019-02-05,0.3.5,2022
2019-02-05,0.4.0,135
2019-02-05,Other,896
